Systematic uncertainties for bin 0
LQ LO reweighting & 0.44366 & 39.74  \\ 
Electron Identification/Isolation & 0.37675 & 28.66  \\ 
$\alpha_s$ + Renormalization/Factorization Scales & 0.26489 & 14.17  \\ 
$\ttbar$ Cross Section & 0.25636 & 13.27  \\ 
Electron Momentum Scale & 0.11534 & 2.69  \\ 
DY Cross Section & 0.08553 & 1.48  \\ 
Total Uncertainty & 0.70  \\ 
