Systematic uncertainties for bin 0
Electron Identification/Isolation & 0.58409 & 26.11  \\ 
LQ LO reweighting & 0.58139 & 25.87  \\ 
DY Cross Section & 0.52340 & 20.97  \\ 
Electron Momentum Scale & 0.52252 & 20.90  \\ 
$\ttbar$ Cross Section & 0.20159 & 3.11  \\ 
$\alpha_s$ + Renormalization/Factorization Scales & 0.19910 & 3.03  \\ 
Total Uncertainty & 1.14  \\ 
