Systematic uncertainties for bin 0
LQ LO reweighting & 0.03816 & 51.03  \\ 
Electron Identification/Isolation & 0.02311 & 18.72  \\ 
$\ttbar$ Cross Section & 0.01882 & 12.41  \\ 
$\alpha_s$ + Renormalization/Factorization Scales & 0.01619 & 9.19  \\ 
Electron Momentum Scale & 0.01415 & 7.02  \\ 
DY Cross Section & 0.00680 & 1.62  \\ 
Total Uncertainty & 0.05  \\ 
