Systematic uncertainties for bin 0
LQ LO reweighting & 0.42770 & 92.66  \\ 
$\alpha_s$ + Renormalization/Factorization Scales & 0.08545 & 3.70  \\ 
Muon Identification/Isolation & 0.05544 & 1.56  \\ 
DY Cross Section & 0.04790 & 1.16  \\ 
$\ttbar$ Cross Section & 0.04275 & 0.93  \\ 
Total Uncertainty & 0.44  \\ 
